
> hotel-etuna@0.1.0 build
> next build

▲ Next.js 16.2.7 (Turbopack)
- Environments: .env.local, .env
- Experiments (use with caution):
  · optimizePackageImports

  Creating an optimized production build ...
(node:20794) [MODULE_TYPELESS_PACKAGE_JSON] Warning: Module type of file:///Users/georgenekwaya/Downloads/ai-agent-mastery-main/hotel-etuna/tailwind.config.ts?id=1780928184074 is not specified and it doesn't parse as CommonJS.
Reparsing as ES module because module syntax was detected. This incurs a performance overhead.
To eliminate this warning, add "type": "module" to /Users/georgenekwaya/Downloads/ai-agent-mastery-main/hotel-etuna/package.json.
(Use `node --trace-warnings ...` to show where the warning was created)
/*! 🌼 daisyUI 5.5.5 */
Found 1 warning while optimizing generated CSS:

[2m│ }[22m
[2m│ @layer base {[22m
[2m│[22m   @property --radialprogress {
[2m┆[22m            [33m[2m^--[22m Unknown at rule: @property[39m
[2m┆[22m
[2m│     syntax: "<percentage>";[22m
[2m│     inherits: true;[22m

